{"time":"2026-08-18 11:08:51","code":"SupplierIns_COPY","parameters":{},"elapsedMs":561,"success":false,"error":"Path returned multiple tokens."}
{"time":"2026-08-18 12:05:10","code":"SupplierIns_COPY","parameters":{},"elapsedMs":574,"success":true,"error":null}
{"time":"2026-08-18 12:07:30","code":"SupplierIns","parameters":{},"elapsedMs":585,"success":true,"error":null}
{"time":"2026-08-18 12:07:36","code":"SupplierIns_COPY","parameters":{},"elapsedMs":248,"success":true,"error":null}
{"time":"2026-08-18 12:07:43","code":"SupplierIns_COPY","parameters":{},"elapsedMs":266,"success":true,"error":null}
{"time":"2026-08-18 12:33:48","code":"SupplierIns_COPY","parameters":{},"elapsedMs":141,"success":false,"error":"Path returned multiple tokens."}
{"time":"2026-08-18 12:33:54","code":"SupplierIns_COPY","parameters":{},"elapsedMs":125,"success":false,"error":"Path returned multiple tokens."}
{"time":"2026-08-18 13:35:25","code":"SupplierIns_COPY","parameters":{},"elapsedMs":112,"success":false,"error":"Path returned multiple tokens."}
{"time":"2026-08-18 14:02:05","code":"SupplierIns_COPY","parameters":{},"elapsedMs":139,"success":false,"error":"Path returned multiple tokens."}
{"time":"2026-08-18 14:11:44","code":"SupplierIns_COPY","parameters":{},"elapsedMs":99776,"success":false,"error":"Path returned multiple tokens."}
{"time":"2026-08-18 14:25:57","code":"SupplierIns_COPY","parameters":{},"elapsedMs":1646,"success":false,"error":"Path returned multiple tokens."}
{"time":"2026-08-18 14:26:36","code":"SupplierIns_COPY","parameters":{},"elapsedMs":27839,"success":false,"error":"套版產生 xlsx 時發生錯誤：A task was canceled."}
{"time":"2026-08-18 14:26:38","code":"SupplierIns_COPY","parameters":{},"elapsedMs":22227,"success":false,"error":"Path returned multiple tokens."}
{"time":"2026-08-18 14:28:11","code":"SupplierIns_COPY","parameters":{},"elapsedMs":33327,"success":false,"error":"Path returned multiple tokens."}
{"time":"2026-08-18 14:30:58","code":"SupplierIns_COPY","parameters":{},"elapsedMs":162060,"success":false,"error":"Path returned multiple tokens."}
{"time":"2026-08-18 14:33:12","code":"SupplierIns_COPY","parameters":{},"elapsedMs":119338,"success":false,"error":"Path returned multiple tokens."}
{"time":"2026-08-18 14:33:54","code":"SupplierIns_COPY","parameters":{},"elapsedMs":1327,"success":false,"error":"Path returned multiple tokens."}
{"time":"2026-08-18 14:38:18","code":"SupplierIns_COPY","parameters":{},"elapsedMs":248179,"success":false,"error":"Path returned multiple tokens."}
{"time":"2026-08-18 14:40:41","code":"SupplierIns_COPY","parameters":{},"elapsedMs":133106,"success":false,"error":"Path returned multiple tokens."}
{"time":"2026-08-18 14:56:08","code":"SupplierIns_COPY","parameters":{},"elapsedMs":31423,"success":true,"error":null}
{"time":"2026-08-18 15:37:33","code":"SupplierIns_MAX","parameters":{},"elapsedMs":1393,"success":true,"error":null}
{"time":"2026-08-18 15:39:46","code":"SupplierIns_MAX","parameters":{},"elapsedMs":292,"success":true,"error":null}
{"time":"2026-08-18 17:29:04","code":"SupplierIns_MAX","parameters":{},"elapsedMs":441,"success":true,"error":null}
{"time":"2026-08-18 17:42:16","code":"SupplierIns_MAX","parameters":{},"elapsedMs":2629,"success":false,"error":"The process cannot access the file 'C:\\working\\excelReport\\App_Data\\templates\\檢驗template.xlsx' because it is being used by another process."}
{"time":"2026-08-18 17:42:54","code":"SupplierIns_MAX","parameters":{},"elapsedMs":345,"success":true,"error":null}
{"time":"2026-08-18 18:22:23","code":"SupplierIns_MAX","parameters":{},"elapsedMs":334,"success":true,"error":null}
{"time":"2026-08-18 18:29:54","code":"SupplierIns_MAX","parameters":{},"elapsedMs":367,"success":true,"error":null}
